ethernetif.c:82:6:HAL_ETH_MspInit	64	static
ethernetif.c:147:6:HAL_ETH_MspDeInit	16	static
ethernetif.c:201:13:low_level_init	32	static
ethernetif.c:310:14:low_level_output	48	static
ethernetif.c:394:22:low_level_input	56	static
ethernetif.c:483:6:ethernetif_input	24	static
ethernetif.c:538:7:ethernetif_init	16	static
ethernetif.c:585:7:sys_jiffies	8	static
ethernetif.c:596:7:sys_now	8	static
ethernetif.c:612:6:ethernetif_set_link	24	static
ethernetif.c:650:6:ethernetif_update_config	24	static
ethernetif.c:738:13:ethernetif_notify_conn_changed	16	static
