main.c:128:5:main	8	static
main.c:239:6:SystemClock_Config	88	static
main.c:283:13:MX_I2C2_Init	8	static
main.c:329:13:MX_SPI3_Init	8	static
main.c:367:13:MX_TIM1_Init	96	static
main.c:454:13:MX_TIM2_Init	64	static
main.c:522:13:MX_TIM3_Init	64	static
main.c:581:13:MX_USART3_UART_Init	8	static
main.c:614:13:MX_USART6_UART_Init	8	static
main.c:647:13:MX_GPIO_Init	64	static
main.c:688:6:TCP_Client_Task	24	static
main.c:724:6:Radio_Task	24	static
main.c:741:6:MotorControl_Task	24	static
main.c:758:6:FlightControlSystems_Task	24	static
main.c:778:6:vPrintString	16	static
main.c:783:6:ring_buzzer	8	static
main.c:803:6:Error_Handler	4	static,ignoring_inline_asm
