nrf24.c:10:16:nRF24_ReadReg	24	static
nrf24.c:25:13:nRF24_WriteReg	16	static
nrf24.c:48:13:nRF24_ReadMBReg	24	static
nrf24.c:62:13:nRF24_WriteMBReg	16	static
nrf24.c:73:6:nRF24_Init	8	static
nrf24.c:107:9:nRF24_Check	24	static
nrf24.c:127:6:nRF24_SetPowerMode	24	static
nrf24.c:146:6:nRF24_SetOperationalMode	24	static
nrf24.c:159:6:nRF24_SetDynamicPayloadLength	24	static
nrf24.c:174:6:nRF24_SetPayloadWithAck	24	static
nrf24.c:189:6:nRF24_SetCRCScheme	24	static
nrf24.c:204:6:nRF24_SetRFChannel	16	static
nrf24.c:213:6:nRF24_SetAutoRetr	16	static
nrf24.c:222:6:nRF24_SetAddrWidth	16	static
nrf24.c:236:6:nRF24_SetAddr	24	static
nrf24.c:271:6:nRF24_SetTXPower	24	static
nrf24.c:284:6:nRF24_SetDataRate	24	static
nrf24.c:299:6:nRF24_SetRXPipe	24	static
nrf24.c:322:6:nRF24_ClosePipe	24	static
nrf24.c:334:6:nRF24_EnableAA	24	static
nrf24.c:346:6:nRF24_DisableAA	24	static
nrf24.c:362:9:nRF24_GetStatus	8	static
nrf24.c:368:9:nRF24_GetIRQFlags	8	static
nrf24.c:374:9:nRF24_GetStatus_RXFIFO	8	static
nrf24.c:381:9:nRF24_GetStatus_TXFIFO	8	static
nrf24.c:387:9:nRF24_GetRXSource	8	static
nrf24.c:395:9:nRF24_GetRetransmitCounters	8	static
nrf24.c:400:6:nRF24_ResetPLOS	16	static
nrf24.c:409:6:nRF24_FlushTX	8	static
nrf24.c:414:6:nRF24_FlushRX	8	static
nrf24.c:419:6:nRF24_ClearIRQFlags	16	static
nrf24.c:432:6:nRF24_WritePayload	16	static
nrf24.c:436:16:nRF24_GetRxDplPayloadWidth	16	static
nrf24.c:448:23:nRF24_ReadPayloadGeneric	32	static
nrf24.c:488:16:nRF24_ReadPayload	16	static
nrf24.c:492:16:nRF24_ReadPayloadDpl	16	static
nrf24.c:496:9:nRF24_GetFeatures	8	static
nrf24.c:499:6:nRF24_ActivateFeatures	8	static
nrf24.c:505:6:nRF24_WriteAckPayload	16	static
